current directory: /home/osokin/Blog/janumann.github.io/.bundle/ruby/3.4.0/gems/eventmachine-1.2.7/ext/fastfilereader
/usr/bin/ruby extconf.rb
creating Makefile

current directory: /home/osokin/Blog/janumann.github.io/.bundle/ruby/3.4.0/gems/eventmachine-1.2.7/ext/fastfilereader
make DESTDIR\= sitearchdir\=./.gem.20260312-111905-lsheha sitelibdir\=./.gem.20260312-111905-lsheha clean

current directory: /home/osokin/Blog/janumann.github.io/.bundle/ruby/3.4.0/gems/eventmachine-1.2.7/ext/fastfilereader
make DESTDIR\= sitearchdir\=./.gem.20260312-111905-lsheha sitelibdir\=./.gem.20260312-111905-lsheha
compiling mapper.cpp
compiling rubymain.cpp
En el fichero incluido desde /usr/include/ruby-3.4.0/ruby/internal/core.h:27,
                 desde /usr/include/ruby-3.4.0/ruby/ruby.h:29,
                 desde /usr/include/ruby-3.4.0/ruby.h:38,
                 desde rubymain.cpp:25:
rubymain.cpp: In function ‘VALUE mapper_new(VALUE, VALUE)’:
/usr/include/ruby-3.4.0/ruby/internal/core/rdata.h:199:24: aviso: ‘VALUE rb_data_object_wrap_warning(VALUE, void*, RUBY_DATA_FUNC, RUBY_DATA_FUNC)’ es obsoleto: by TypedData [-Wdeprecated-declarations]
  199 |     rb_data_object_wrap(                          \
      |                        ^
rubymain.cpp:53:19: nota: en expansión de macro ‘Data_Wrap_Struct’
   53 |         VALUE v = Data_Wrap_Struct (Mapper, 0, mapper_dt, (void*)m);
      |                   ^~~~~~~~~~~~~~~~
/usr/include/ruby-3.4.0/ruby/internal/core/rdata.h:293:1: nota: se declara aquí
  293 | rb_data_object_wrap_warning(VALUE klass, void *ptr, RUBY_DATA_FUNC mark, RUBY_DATA_FUNC free)
      | ^~~~~~~~~~~~~~~~~~~~~~~~~~~
En el fichero incluido desde /usr/include/ruby-3.4.0/ruby/internal/assume.h:29,
                 desde /usr/include/ruby-3.4.0/ruby/backward/2/assume.h:24,
                 desde /usr/include/ruby-3.4.0/ruby/defines.h:72,
                 desde /usr/include/ruby-3.4.0/ruby/ruby.h:25:
rubymain.cpp: In function ‘VALUE mapper_get_chunk(VALUE, VALUE, VALUE)’:
/usr/include/ruby-3.4.0/ruby/internal/core/rdata.h:275:52: aviso: ‘void* rb_data_object_get_warning(VALUE)’ es obsoleto: by TypedData [-Wdeprecated-declarations]
  275 |     ((sval) = RBIMPL_CAST((type*)rb_data_object_get(obj)))
      |                                                    ^
/usr/include/ruby-3.4.0/ruby/internal/cast.h:36:29: nota: en definición de macro ‘RBIMPL_CAST’
   36 | # define RBIMPL_CAST(expr) (expr)
      |                             ^~~~
rubymain.cpp:65:9: nota: en expansión de macro ‘Data_Get_Struct’
   65 |         Data_Get_Struct (self, Mapper_t, m);
      |         ^~~~~~~~~~~~~~~
/usr/include/ruby-3.4.0/ruby/internal/core/rdata.h:325:1: nota: se declara aquí
  325 | rb_data_object_get_warning(VALUE obj)
      | ^~~~~~~~~~~~~~~~~~~~~~~~~~
rubymain.cpp: In function ‘VALUE mapper_close(VALUE)’:
/usr/include/ruby-3.4.0/ruby/internal/core/rdata.h:275:52: aviso: ‘void* rb_data_object_get_warning(VALUE)’ es obsoleto: by TypedData [-Wdeprecated-declarations]
  275 |     ((sval) = RBIMPL_CAST((type*)rb_data_object_get(obj)))
      |                                                    ^
/usr/include/ruby-3.4.0/ruby/internal/cast.h:36:29: nota: en definición de macro ‘RBIMPL_CAST’
   36 | # define RBIMPL_CAST(expr) (expr)
      |                             ^~~~
rubymain.cpp:88:9: nota: en expansión de macro ‘Data_Get_Struct’
   88 |         Data_Get_Struct (self, Mapper_t, m);
      |         ^~~~~~~~~~~~~~~
/usr/include/ruby-3.4.0/ruby/internal/core/rdata.h:325:1: nota: se declara aquí
  325 | rb_data_object_get_warning(VALUE obj)
      | ^~~~~~~~~~~~~~~~~~~~~~~~~~
rubymain.cpp: In function ‘VALUE mapper_size(VALUE)’:
/usr/include/ruby-3.4.0/ruby/internal/core/rdata.h:275:52: aviso: ‘void* rb_data_object_get_warning(VALUE)’ es obsoleto: by TypedData [-Wdeprecated-declarations]
  275 |     ((sval) = RBIMPL_CAST((type*)rb_data_object_get(obj)))
      |                                                    ^
/usr/include/ruby-3.4.0/ruby/internal/cast.h:36:29: nota: en definición de macro ‘RBIMPL_CAST’
   36 | # define RBIMPL_CAST(expr) (expr)
      |                             ^~~~
rubymain.cpp:102:9: nota: en expansión de macro ‘Data_Get_Struct’
  102 |         Data_Get_Struct (self, Mapper_t, m);
      |         ^~~~~~~~~~~~~~~
/usr/include/ruby-3.4.0/ruby/internal/core/rdata.h:325:1: nota: se declara aquí
  325 | rb_data_object_get_warning(VALUE obj)
      | ^~~~~~~~~~~~~~~~~~~~~~~~~~
linking shared-object fastfilereaderext.so

current directory: /home/osokin/Blog/janumann.github.io/.bundle/ruby/3.4.0/gems/eventmachine-1.2.7/ext/fastfilereader
make DESTDIR\= sitearchdir\=./.gem.20260312-111905-lsheha sitelibdir\=./.gem.20260312-111905-lsheha install
/usr/bin/install -c -m 0755 fastfilereaderext.so ./.gem.20260312-111905-lsheha

current directory: /home/osokin/Blog/janumann.github.io/.bundle/ruby/3.4.0/gems/eventmachine-1.2.7/ext/fastfilereader
make DESTDIR\= sitearchdir\=./.gem.20260312-111905-lsheha sitelibdir\=./.gem.20260312-111905-lsheha clean
